mode: set
github.com.elue-dev/go-program/tests/main.go:8.13,11.15 2 0
github.com.elue-dev/go-program/tests/main.go:11.15,14.3 2 0
github.com.elue-dev/go-program/tests/main.go:16.2,16.46 1 0
github.com.elue-dev/go-program/tests/main.go:20.44,23.12 2 1
github.com.elue-dev/go-program/tests/main.go:23.12,25.3 1 1
github.com.elue-dev/go-program/tests/main.go:26.2,27.20 2 1
